
> @prc/block-tables@1.3.0 build
> wp-scripts build --experimental-modules --webpack-copy-php && wp-scripts build-blocks-manifest && npm run build:ai

assets by chunk 58 KiB (id hint: style) 14 assets
assets by path [1m[32mtable/*.php[39m[22m 45.2 KiB 7 assets
assets by chunk 143 KiB (name: data-table-controller/index) 4 assets
assets by chunk 19.5 KiB (name: data-table-filter-select/index) 4 assets
assets by chunk 16.2 KiB (name: data-table-key/index) 4 assets
assets by path [1m[32mremote-pivot-table/[39m[22m 18.1 KiB 4 assets
assets by chunk 9.1 KiB (name: power-spreadsheet/index) 4 assets
assets by chunk 7.7 KiB (name: data-table-filter/index)
  assets by path [1m[32mdata-table-filter/*.css[39m[22m 758 bytes 2 assets
  + 2 assets
assets by chunk 8.41 KiB (name: data-table-render/index)
  assets by path [1m[32mdata-table-render/*.css[39m[22m 3.06 KiB 2 assets
  + 2 assets
+ 20 assets
orphan modules 1.1 MiB (javascript) 12.9 KiB (runtime) [1m[33m[orphan][39m[22m 565 modules
runtime modules 19.8 KiB 29 modules
built modules 57.8 KiB (css/mini-extract) 906 KiB (javascript) [1m[33m[built][39m[22m
  cacheable modules 57.8 KiB (css/mini-extract) 5.36 KiB (javascript)
    modules by path [1m./src/[39m[22m 57.8 KiB 14 modules
    javascript modules 5.36 KiB
      [1m../../node_modules/hoist-non-react-statics/dist/hoist-non-react-statics.cjs.js[39m[22m 2.68 KiB [1m[33m[built][39m[22m [1m[33m[code generated][39m[22m
      [1m../../node_modules/hoist-non-react-statics/node_modules/react-is/index.js[39m[22m 196 bytes [1m[33m[built][39m[22m [1m[33m[code generated][39m[22m
      [1m../../node_modules/hoist-non-react-statics/node_modules/react-is/cjs/react-is.pr...(truncated)[39m[22m 2.49 KiB [1m[33m[built][39m[22m [1m[33m[code generated][39m[22m
  + 8 modules
webpack 5.106.2 compiled [1m[32msuccessfully[39m[22m in 6948 ms

assets by path [1m[32mdata-table-render/[39m[22m 24.6 KiB 2 assets
assets by path [1m[32mdata-table-filter-select/[39m[22m 6.4 KiB 2 assets
assets by path [1m[32mtable/[39m[22m 3.92 KiB 2 assets
assets by path [1m[32mdata-table-controller/[39m[22m 3.85 KiB 2 assets
assets by path [1m[32mdata-table-filter/[39m[22m 1.71 KiB 2 assets
assets by path [1m[32mdata-table-key/[39m[22m 1020 bytes 2 assets
assets by path [1m[32mpower-spreadsheet/[39m[22m 590 bytes
  asset [1m[32mpower-spreadsheet/view.js[39m[22m 460 bytes [1m[32m[emitted][39m[22m [javascript module] [1m[32m[minimized][39m[22m (name: power-spreadsheet/view)
  asset [1m[32mpower-spreadsheet/view.asset.php[39m[22m 130 bytes [1m[32m[emitted][39m[22m (name: power-spreadsheet/view)
orphan modules 29.9 KiB [1m[33m[orphan][39m[22m 20 modules
runtime modules 2.47 KiB 3 modules
built modules 121 KiB [1m[33m[built][39m[22m
  modules by path [1m./src/[39m[22m 121 KiB
    cacheable modules 68.1 KiB
      [1m./src/data-table-render/view.js[39m[22m 19.1 KiB [1m[33m[built][39m[22m [1m[33m[code generated][39m[22m
      [1m./src/data-table-render/row-dropdown-utils.js[39m[22m 17.3 KiB [1m[33m[built][39m[22m [1m[33m[code generated][39m[22m
      [1m./src/data-table-render/contrasting-ink.js[39m[22m 3.29 KiB [1m[33m[built][39m[22m [1m[33m[code generated][39m[22m
      + 2 modules
    + 6 modules
  [1mexternal "@wordpress/interactivity"[39m[22m 42 bytes [1m[33m[built][39m[22m [1m[33m[code generated][39m[22m
  [1mexternal "@prc/d3"[39m[22m 42 bytes [1m[33m[built][39m[22m [1m[33m[code generated][39m[22m
webpack 5.106.2 compiled [1m[32msuccessfully[39m[22m in 4006 ms
Block metadata PHP file generated at: build/blocks-manifest.php

> @prc/block-tables@1.3.0 build:ai
> wp-scripts build --source-path=includes/ai-features/src/generate-tabular-data --output-path=includes/ai-features/build/generate-tabular-data

asset [1m[32mindex.js[39m[22m 3.29 KiB [1m[32m[emitted][39m[22m [1m[32m[minimized][39m[22m (name: index)
asset [1m[32mindex.asset.php[39m[22m 189 bytes [1m[32m[emitted][39m[22m (name: index)
Entrypoint [1mindex[39m[22m 3.48 KiB = [1m[32mindex.js[39m[22m 3.29 KiB [1m[32mindex.asset.php[39m[22m 189 bytes
orphan modules 6.29 KiB [1m[33m[orphan][39m[22m 8 modules
[1m./includes/ai-features/src/generate-tabular-data/index.tsx + 8 modules[39m[22m 8.21 KiB [1m[31m[not cacheable][39m[22m [1m[33m[built][39m[22m [1m[33m[code generated][39m[22m
webpack 5.106.2 compiled [1m[32msuccessfully[39m[22m in 376 ms
